{"level":"info","message":"Database connection established","timestamp":"2025-04-16T16:46:34.749Z"}
{"level":"info","message":"Server running on port 3000","timestamp":"2025-04-16T16:46:34.773Z"}
{"level":"info","message":"Database connection established","timestamp":"2025-04-16T16:51:01.821Z"}
{"level":"info","message":"Server running on port 3000","timestamp":"2025-04-16T16:51:01.829Z"}
{"level":"info","message":"Creating database tables...","timestamp":"2025-04-16T16:55:15.193Z"}
{"level":"info","message":"Connected to database: C:\\Users\\adith\\dev\\game-project\\database\\game.db","timestamp":"2025-04-16T16:55:15.205Z"}
{"level":"info","message":"Players table created successfully","timestamp":"2025-04-16T16:55:15.295Z"}
{"level":"info","message":"Games table created successfully","timestamp":"2025-04-16T16:55:15.329Z"}
{"level":"info","message":"TicTacToe table created successfully","timestamp":"2025-04-16T16:55:15.332Z"}
{"level":"info","message":"TravelingSalesman table created successfully","timestamp":"2025-04-16T16:55:15.334Z"}
{"level":"info","message":"TowerOfHanoi table created successfully","timestamp":"2025-04-16T16:55:15.335Z"}
{"level":"info","message":"EightQueens table created successfully","timestamp":"2025-04-16T16:55:15.355Z"}
{"level":"info","message":"KnightsTour table created successfully","timestamp":"2025-04-16T16:55:15.356Z"}
{"level":"info","message":"Database connection closed","timestamp":"2025-04-16T16:55:16.213Z"}
{"level":"info","message":"Creating database tables...","timestamp":"2025-04-16T16:55:41.865Z"}
{"level":"info","message":"Creating database tables...","timestamp":"2025-04-16T16:55:41.871Z"}
{"level":"info","message":"Connected to database: C:\\Users\\adith\\dev\\game-project\\database\\game.db","timestamp":"2025-04-16T16:55:41.892Z"}
{"level":"info","message":"Players table created successfully","timestamp":"2025-04-16T16:55:41.906Z"}
{"level":"info","message":"TravelingSalesman table created successfully","timestamp":"2025-04-16T16:55:41.907Z"}
{"level":"info","message":"Players table created successfully","timestamp":"2025-04-16T16:55:41.909Z"}
{"level":"info","message":"TicTacToe table created successfully","timestamp":"2025-04-16T16:55:41.910Z"}
{"level":"info","message":"TravelingSalesman table created successfully","timestamp":"2025-04-16T16:55:41.911Z"}
{"level":"info","message":"TicTacToe table created successfully","timestamp":"2025-04-16T16:55:41.922Z"}
{"level":"info","message":"EightQueens table created successfully","timestamp":"2025-04-16T16:55:41.939Z"}
{"level":"info","message":"KnightsTour table created successfully","timestamp":"2025-04-16T16:55:41.940Z"}
{"level":"info","message":"TowerOfHanoi table created successfully","timestamp":"2025-04-16T16:55:41.942Z"}
{"level":"info","message":"Games table created successfully","timestamp":"2025-04-16T16:55:41.943Z"}
{"level":"info","message":"EightQueens table created successfully","timestamp":"2025-04-16T16:55:41.945Z"}
{"level":"info","message":"TowerOfHanoi table created successfully","timestamp":"2025-04-16T16:55:41.946Z"}
{"level":"info","message":"Games table created successfully","timestamp":"2025-04-16T16:55:41.947Z"}
{"level":"info","message":"KnightsTour table created successfully","timestamp":"2025-04-16T16:55:41.948Z"}
{"level":"info","message":"Database models synced!","timestamp":"2025-04-16T16:55:41.957Z"}
{"level":"info","message":"Sample players created!","timestamp":"2025-04-16T16:55:42.056Z"}
{"level":"info","message":"Sample games created!","timestamp":"2025-04-16T16:55:42.073Z"}
{"level":"info","message":"Sample tic-tac-toe data created!","timestamp":"2025-04-16T16:55:42.087Z"}
{"level":"info","message":"Sample traveling salesman data created!","timestamp":"2025-04-16T16:55:42.123Z"}
{"level":"info","message":"Sample tower of hanoi data created!","timestamp":"2025-04-16T16:55:42.140Z"}
{"level":"info","message":"Sample eight queens data created!","timestamp":"2025-04-16T16:55:42.196Z"}
{"level":"info","message":"Sample knights tour data created!","timestamp":"2025-04-16T16:55:42.233Z"}
{"level":"info","message":"Database seeding completed successfully!","timestamp":"2025-04-16T16:55:42.244Z"}
{"level":"info","message":"Database connection closed","timestamp":"2025-04-16T16:55:42.882Z"}
{"level":"info","message":"Database connection established","timestamp":"2025-04-16T16:56:05.266Z"}
{"level":"info","message":"Server running on port 3000","timestamp":"2025-04-16T16:56:05.276Z"}
{"level":"info","message":"Database connection established","timestamp":"2025-04-16T17:03:57.522Z"}
{"level":"info","message":"Server running on port 3000","timestamp":"2025-04-16T17:03:57.530Z"}
{"level":"info","message":"Database connection established","timestamp":"2025-04-16T17:11:17.128Z"}
{"level":"info","message":"Server running on port 3000","timestamp":"2025-04-16T17:11:17.137Z"}
{"level":"error","message":"ReferenceError: C:\\Users\\adith\\dev\\game-project\\views\\layouts\\main.ejs:15\n    13| <body>\r\n    14|   <%- include('../partials/header') %>\r\n >> 15|   <%- include('../partials/navigation') %>\r\n    16|   \r\n    17|   <main class=\"container py-4\">\r\n    18|     <% if (typeof title !== 'undefined') { %>\r\n\nC:\\Users\\adith\\dev\\game-project\\views\\partials\\navigation.ejs:15\n    13|       <ul class=\"navbar-nav me-auto\">\r\n    14|         <li class=\"nav-item\">\r\n >> 15|           <a class=\"nav-link <%= path === '/' ? 'active' : '' %>\" href=\"/\">Home</a>\r\n    16|         </li>\r\n    17|         <li class=\"nav-item dropdown\">\r\n    18|           <a class=\"nav-link dropdown-toggle\" href=\"#\" id=\"navbarGamesDropdown\" role=\"button\" data-bs-toggle=\"dropdown\" aria-expanded=\"false\">\r\n\npath is not defined","timestamp":"2025-04-16T17:11:34.260Z"}
{"level":"error","message":"ReferenceError: C:\\Users\\adith\\dev\\game-project\\views\\layouts\\main.ejs:15\n    13| <body>\r\n    14|   <%- include('../partials/header') %>\r\n >> 15|   <%- include('../partials/navigation') %>\r\n    16|   \r\n    17|   <main class=\"container py-4\">\r\n    18|     <% if (typeof title !== 'undefined') { %>\r\n\nC:\\Users\\adith\\dev\\game-project\\views\\partials\\navigation.ejs:15\n    13|       <ul class=\"navbar-nav me-auto\">\r\n    14|         <li class=\"nav-item\">\r\n >> 15|           <a class=\"nav-link <%= path === '/' ? 'active' : '' %>\" href=\"/\">Home</a>\r\n    16|         </li>\r\n    17|         <li class=\"nav-item dropdown\">\r\n    18|           <a class=\"nav-link dropdown-toggle\" href=\"#\" id=\"navbarGamesDropdown\" role=\"button\" data-bs-toggle=\"dropdown\" aria-expanded=\"false\">\r\n\npath is not defined\n    at eval (\"C:\\\\Users\\\\adith\\\\dev\\\\game-project\\\\views\\\\partials\\\\navigation.ejs\":12:26)\n    at navigation (C:\\Users\\adith\\dev\\game-project\\node_modules\\ejs\\lib\\ejs.js:703:17)\n    at include (C:\\Users\\adith\\dev\\game-project\\node_modules\\ejs\\lib\\ejs.js:701:39)\n    at eval (\"C:\\\\Users\\\\adith\\\\dev\\\\game-project\\\\views\\\\layouts\\\\main.ejs\":24:17)\n    at main (C:\\Users\\adith\\dev\\game-project\\node_modules\\ejs\\lib\\ejs.js:703:17)\n    at tryHandleCache (C:\\Users\\adith\\dev\\game-project\\node_modules\\ejs\\lib\\ejs.js:274:36)\n    at exports.renderFile [as engine] (C:\\Users\\adith\\dev\\game-project\\node_modules\\ejs\\lib\\ejs.js:491:10)\n    at View.render (C:\\Users\\adith\\dev\\game-project\\node_modules\\express\\lib\\view.js:139:8)\n    at tryRender (C:\\Users\\adith\\dev\\game-project\\node_modules\\express\\lib\\application.js:627:10)\n    at Function.render (C:\\Users\\adith\\dev\\game-project\\node_modules\\express\\lib\\application.js:574:3)","timestamp":"2025-04-16T17:11:34.263Z"}
{"level":"error","message":"ReferenceError: C:\\Users\\adith\\dev\\game-project\\views\\layouts\\main.ejs:15\n    13| <body>\r\n    14|   <%- include('../partials/header') %>\r\n >> 15|   <%- include('../partials/navigation') %>\r\n    16|   \r\n    17|   <main class=\"container py-4\">\r\n    18|     <% if (typeof title !== 'undefined') { %>\r\n\nC:\\Users\\adith\\dev\\game-project\\views\\partials\\navigation.ejs:15\n    13|       <ul class=\"navbar-nav me-auto\">\r\n    14|         <li class=\"nav-item\">\r\n >> 15|           <a class=\"nav-link <%= path === '/' ? 'active' : '' %>\" href=\"/\">Home</a>\r\n    16|         </li>\r\n    17|         <li class=\"nav-item dropdown\">\r\n    18|           <a class=\"nav-link dropdown-toggle\" href=\"#\" id=\"navbarGamesDropdown\" role=\"button\" data-bs-toggle=\"dropdown\" aria-expanded=\"false\">\r\n\npath is not defined","timestamp":"2025-04-16T17:11:37.491Z"}
{"level":"error","message":"ReferenceError: C:\\Users\\adith\\dev\\game-project\\views\\layouts\\main.ejs:15\n    13| <body>\r\n    14|   <%- include('../partials/header') %>\r\n >> 15|   <%- include('../partials/navigation') %>\r\n    16|   \r\n    17|   <main class=\"container py-4\">\r\n    18|     <% if (typeof title !== 'undefined') { %>\r\n\nC:\\Users\\adith\\dev\\game-project\\views\\partials\\navigation.ejs:15\n    13|       <ul class=\"navbar-nav me-auto\">\r\n    14|         <li class=\"nav-item\">\r\n >> 15|           <a class=\"nav-link <%= path === '/' ? 'active' : '' %>\" href=\"/\">Home</a>\r\n    16|         </li>\r\n    17|         <li class=\"nav-item dropdown\">\r\n    18|           <a class=\"nav-link dropdown-toggle\" href=\"#\" id=\"navbarGamesDropdown\" role=\"button\" data-bs-toggle=\"dropdown\" aria-expanded=\"false\">\r\n\npath is not defined\n    at eval (\"C:\\\\Users\\\\adith\\\\dev\\\\game-project\\\\views\\\\partials\\\\navigation.ejs\":12:26)\n    at navigation (C:\\Users\\adith\\dev\\game-project\\node_modules\\ejs\\lib\\ejs.js:703:17)\n    at include (C:\\Users\\adith\\dev\\game-project\\node_modules\\ejs\\lib\\ejs.js:701:39)\n    at eval (\"C:\\\\Users\\\\adith\\\\dev\\\\game-project\\\\views\\\\layouts\\\\main.ejs\":24:17)\n    at main (C:\\Users\\adith\\dev\\game-project\\node_modules\\ejs\\lib\\ejs.js:703:17)\n    at tryHandleCache (C:\\Users\\adith\\dev\\game-project\\node_modules\\ejs\\lib\\ejs.js:274:36)\n    at exports.renderFile [as engine] (C:\\Users\\adith\\dev\\game-project\\node_modules\\ejs\\lib\\ejs.js:491:10)\n    at View.render (C:\\Users\\adith\\dev\\game-project\\node_modules\\express\\lib\\view.js:139:8)\n    at tryRender (C:\\Users\\adith\\dev\\game-project\\node_modules\\express\\lib\\application.js:627:10)\n    at Function.render (C:\\Users\\adith\\dev\\game-project\\node_modules\\express\\lib\\application.js:574:3)","timestamp":"2025-04-16T17:11:37.492Z"}
{"level":"info","message":"Database connection established","timestamp":"2025-04-16T17:14:15.894Z"}
{"level":"info","message":"Server running on port 3000","timestamp":"2025-04-16T17:14:15.905Z"}
